Bundle: benchmark/bend  (110 scored panos)  match radius 0.022  ground truth: reviewer-confirmed ramps + missed marks
Detection cache: /gscratch/scrubbed/jfroehli/cascade_35/model_cache

Loading weights:   0%|          | 0/758 [00:00<?, ?it/s]Loading weights:  21%|██        | 158/758 [00:00<00:00, 1136.57it/s]Loading weights:  36%|███▌      | 272/758 [00:00<00:01, 358.10it/s] Loading weights:  44%|████▍     | 332/758 [00:00<00:01, 330.61it/s]Loading weights:  50%|████▉     | 377/758 [00:01<00:01, 296.49it/s]Loading weights:  56%|█████▋    | 428/758 [00:01<00:00, 333.78it/s]Loading weights:  65%|██████▌   | 493/758 [00:01<00:00, 397.33it/s]Loading weights:  72%|███████▏  | 543/758 [00:01<00:00, 240.78it/s]Loading weights:  79%|███████▉  | 599/758 [00:01<00:00, 272.35it/s]Loading weights: 100%|██████████| 758/758 [00:01<00:00, 386.53it/s]
[transformers] [1mMask2FormerForUniversalSegmentation LOAD REPORT[0m from: facebook/mask2former-swin-large-mapillary-vistas-semantic
Key                                                                                                                      | Status     | 
-------------------------------------------------------------------------------------------------------------------------+------------+-
model.pixel_level_module.encoder.swin.encoder.layers.{0, 1, 2, 3}.blocks.{0...17}.attention.self.relative_position_index | UNEXPECTED | 
model.pixel_level_module.encoder.swin.layernorm.weight                                                                   | MISSING    | 
model.pixel_level_module.encoder.swin.layernorm.bias                                                                     | MISSING    | 

Notes:
- UNEXPECTED:	can be ignored when loading from different task/architecture; not ok if you expect identical arch.
- MISSING:	those params were newly initialized because missing from the checkpoint. Consider training on your downstream task.
[mask2former-vistas-curb-cut] time this run: 227.5s wall  (46.1s model load, 181.1s inference over 110 pano(s), 1.65 s/pano)
[mask2former-vistas-curb-cut] usage logged to /gscratch/scrubbed/jfroehli/cascade_35/usage_log.jsonl
[mask2former-vistas-curb-cut] ledger now: 1 rows, $0.00, 0.1 h
model                                     P          95% CI      R          95% CI     F1     AP       tp/fp/fn/ign
-------------------------------------------------------------------------------------------------------------------
rampnet                               0.961   (0.930-0.979)  0.761   (0.712-0.804)  0.850  0.754        249/10/78/6
mask2former-vistas-curb-cut           0.367   (0.333-0.402)  0.832   (0.787-0.868)  0.509  0.425      272/469/55/32
AP: all-point interpolated, over the recall-confirmed panos, from the full confidence range (--op-threshold does not truncate it); '-' = no calibrated per-box score.

--- RampNet verdict-based cross-check ---
Panos fully judged:   110 (of 110 seen)
Detections judged:    260  (correct 248, incorrect 12)
Detections duplicate: 1  (redundant hits on an already-counted ramp; folded into the numbers above per this run's duplicate scoring)
Detections unsure:    5  (abstained — not in precision or recall)
Missed ramps marked:  79  (+72 unsure, abstained)
Precision: 0.954  (95% CI 0.921-0.973)
Recall:    0.758  (95% CI 0.709-0.802)  [vs ramps visible in the 110 recall-pool panos]

threshold   kept  precision   recall
     0.55    260      0.954    0.758
     0.60    252      0.952    0.734
     0.65    244      0.959    0.716
     0.70    221      0.973    0.657
     0.75    195      0.974    0.581
     0.80    171      0.988    0.517
     0.85    138      0.986    0.416
     0.90     81      0.975    0.242
     0.95     31      0.968    0.092
