WARNING: --usage-log points inside this worktree (/homes/gws/jonf/wt-163), not the main checkout (/homes/gws/jonf/RampNet). A worktree is deleted when its session ends and takes the ledger with it; commit the log or point it at the main checkout.

Bundle: /homes/gws/jonf/RampNet/benchmark/richmond  (124 scored panos)  match radius 0.022  ground truth: reviewer-confirmed ramps + missed marks
Detection cache: /homes/gws/jonf/wt-163/.model_cache

Warning: You are sending unauthenticated requests to the HF Hub. Please set a HF_TOKEN to enable higher rate limits and faster downloads.
Loading weights:   0%|          | 0/758 [00:00<?, ?it/s]Loading weights: 100%|██████████| 758/758 [00:00<00:00, 13388.99it/s]
[transformers] [1mMask2FormerForUniversalSegmentation LOAD REPORT[0m from: facebook/mask2former-swin-large-mapillary-vistas-semantic
Key                                                                                                                      | Status     | 
-------------------------------------------------------------------------------------------------------------------------+------------+-
model.pixel_level_module.encoder.swin.encoder.layers.{0, 1, 2, 3}.blocks.{0...17}.attention.self.relative_position_index | UNEXPECTED | 
model.pixel_level_module.encoder.swin.layernorm.weight                                                                   | MISSING    | 
model.pixel_level_module.encoder.swin.layernorm.bias                                                                     | MISSING    | 

Notes:
- UNEXPECTED:	can be ignored when loading from different task/architecture; not ok if you expect identical arch.
- MISSING:	those params were newly initialized because missing from the checkpoint. Consider training on your downstream task.
[mask2former-vistas-curb-cut] time this run: 191.3s wall  (12.8s model load, 178.2s inference over 124 pano(s), 1.44 s/pano)
[mask2former-vistas-curb-cut] usage logged to /homes/gws/jonf/wt-163/analysis_out/usage_log.jsonl
[mask2former-vistas-curb-cut] ledger now: 15 rows, $124.23, 0.1 h (of which $70.09 recovered, not measured)
model                                     P          95% CI      R          95% CI     F1     AP       tp/fp/fn/ign
-------------------------------------------------------------------------------------------------------------------
mask2former-vistas-curb-cut           0.411   (0.370-0.454)  0.694   (0.640-0.742)  0.516  0.510      215/308/95/30
AP: all-point interpolated, over the recall-confirmed panos, from the full confidence range (--op-threshold does not truncate it); '-' = no calibrated per-box score.

--- RampNet verdict-based cross-check ---
Panos fully judged:   124 (of 124 seen)
Detections judged:    247  (correct 237, incorrect 10)
Detections duplicate: 1  (redundant hits on an already-counted ramp; folded into the numbers above per this run's duplicate scoring)
Detections unsure:    20  (abstained — not in precision or recall)
Missed ramps marked:  73  (+78 unsure, abstained)
Precision: 0.960  (95% CI 0.927-0.978)
Recall:    0.765  (95% CI 0.714-0.808)  [vs ramps visible in the 124 recall-pool panos]

threshold   kept  precision   recall
     0.55    247      0.960    0.765
     0.60    240      0.963    0.745
     0.65    226      0.982    0.716
     0.70    210      0.986    0.668
     0.75    195      0.990    0.623
     0.80    178      0.989    0.568
     0.85    151      0.993    0.484
     0.90     90      1.000    0.290
     0.95     31      1.000    0.100
wall_s=192 exit=0
