WARNING: --usage-log points inside this worktree (/homes/gws/jonf/wt-163), not the main checkout (/homes/gws/jonf/RampNet). A worktree is deleted when its session ends and takes the ledger with it; commit the log or point it at the main checkout.

Bundle: /homes/gws/jonf/RampNet/benchmark/richmond  (124 scored panos)  match radius 0.022  ground truth: reviewer-confirmed ramps + missed marks
Detection cache: /homes/gws/jonf/wt-163/.model_cache

[mask2former-vistas-curb-cut] all 124 panos already cached; model load skipped
Operating point: predictions with confidence < 0.3 dropped (models without confidences are unaffected).
model                                     P          95% CI      R          95% CI     F1     AP       tp/fp/fn/ign
-------------------------------------------------------------------------------------------------------------------
mask2former-vistas-curb-cut           0.384   (0.349-0.421)  0.884   (0.843-0.915)  0.536  0.649      274/439/36/56
AP: all-point interpolated, over the recall-confirmed panos, from the full confidence range (--op-threshold does not truncate it); '-' = no calibrated per-box score.

--- RampNet verdict-based cross-check ---
Panos fully judged:   124 (of 124 seen)
Detections judged:    247  (correct 237, incorrect 10)
Detections duplicate: 1  (redundant hits on an already-counted ramp; folded into the numbers above per this run's duplicate scoring)
Detections unsure:    20  (abstained — not in precision or recall)
Missed ramps marked:  73  (+78 unsure, abstained)
Precision: 0.960  (95% CI 0.927-0.978)
Recall:    0.765  (95% CI 0.714-0.808)  [vs ramps visible in the 124 recall-pool panos]

threshold   kept  precision   recall
     0.55    247      0.960    0.765
     0.60    240      0.963    0.745
     0.65    226      0.982    0.716
     0.70    210      0.986    0.668
     0.75    195      0.990    0.623
     0.80    178      0.989    0.568
     0.85    151      0.993    0.484
     0.90     90      1.000    0.290
     0.95     31      1.000    0.100
